
===== 2026-09-17 08:14:50 =====
Forwarding from 127.0.0.1:8080 -> 8080
Forwarding from [::1]:8080 -> 8080
Handling connection for 8080
Handling connection for 8080
Handling connection for 8080
Handling connection for 8080
Handling connection for 8080
error: lost connection to pod

===== 2026-09-17 10:13:26 =====
Forwarding from 127.0.0.1:8080 -> 8080
Forwarding from [::1]:8080 -> 8080
Handling connection for 8080
Handling connection for 8080

===== 2026-09-17 10:28:26 =====
Unable to listen on port 8080: Listeners failed to create with the following errors: [unable to create listener: Error listen tcp4 127.0.0.1:8080: bind: address already in use unable to create listener: Error listen tcp6 [::1]:8080: bind: address already in use]
error: unable to listen on any of the requested ports: [{8080 8080}]

===== 2026-09-17 10:28:34 =====
Unable to listen on port 8080: Listeners failed to create with the following errors: [unable to create listener: Error listen tcp4 127.0.0.1:8080: bind: address already in use unable to create listener: Error listen tcp6 [::1]:8080: bind: address already in use]
error: unable to listen on any of the requested ports: [{8080 8080}]

===== 2026-09-17 10:30:37 =====
Unable to listen on port 8080: Listeners failed to create with the following errors: [unable to create listener: Error listen tcp4 127.0.0.1:8080: bind: address already in use unable to create listener: Error listen tcp6 [::1]:8080: bind: address already in use]
error: unable to listen on any of the requested ports: [{8080 8080}]

===== 2026-09-17 10:31:08 =====
Forwarding from 127.0.0.1:8080 -> 8080
Forwarding from [::1]:8080 -> 8080
Handling connection for 8080
Handling connection for 8080
Handling connection for 8080
Handling connection for 8080
Handling connection for 8080
Handling connection for 8080
Handling connection for 8080
error: lost connection to pod

===== 2026-09-17 11:11:44 =====
Forwarding from 127.0.0.1:8080 -> 8080
Forwarding from [::1]:8080 -> 8080
Handling connection for 8080
Handling connection for 8080
Handling connection for 8080
Handling connection for 8080

===== 2026-09-17 11:16:59 =====
Unable to listen on port 8080: Listeners failed to create with the following errors: [unable to create listener: Error listen tcp4 127.0.0.1:8080: bind: address already in use unable to create listener: Error listen tcp6 [::1]:8080: bind: address already in use]
error: unable to listen on any of the requested ports: [{8080 8080}]
Handling connection for 8080
Handling connection for 8080

===== 2026-09-17 11:19:25 =====
Forwarding from 127.0.0.1:8081 -> 8080
Forwarding from [::1]:8081 -> 8080
Handling connection for 8081
Handling connection for 8081
Handling connection for 8081
Handling connection for 8081
Handling connection for 8081
Handling connection for 8081
Handling connection for 8081
Handling connection for 8081

===== 2026-09-17 11:22:49 =====
Forwarding from 127.0.0.1:8081 -> 8080
Forwarding from [::1]:8081 -> 8080
Handling connection for 8081
Handling connection for 8081
Handling connection for 8081
E0917 11:23:03.840111   16855 portforward.go:525] "Error copying from local connection to remote stream" err="writeto tcp4 127.0.0.1:8081->127.0.0.1:58706: read tcp4 127.0.0.1:8081->127.0.0.1:58706: read: connection reset by peer" localPort=8081 remotePort=8080
Handling connection for 8081
E0917 11:23:33.459262   16855 portforward.go:549] "An error occurred forwarding" err="error forwarding port 8080 to pod 8e99f0c8b388088821017784f5b96e52c05d4b660e4c30a3da04fd72ebd042b0, uid : network namespace for sandbox \"8e99f0c8b388088821017784f5b96e52c05d4b660e4c30a3da04fd72ebd042b0\" is closed" localPort=8081 remotePort=8080
error: lost connection to pod

===== 2026-09-17 11:24:22 =====
Forwarding from 127.0.0.1:8081 -> 8080
Forwarding from [::1]:8081 -> 8080
Handling connection for 8081
Handling connection for 8081
Handling connection for 8081
Handling connection for 8081
Handling connection for 8081
Handling connection for 8081
Handling connection for 8081
Handling connection for 8081
Handling connection for 8081
Handling connection for 8081
Handling connection for 8081
Handling connection for 8081
Handling connection for 8081
Handling connection for 8081
Handling connection for 8081
Handling connection for 8081
Handling connection for 8081
Handling connection for 8081
Handling connection for 8081
Handling connection for 8081
Handling connection for 8081
Handling connection for 8081
