
===== 2026-09-17 08:14:50 =====
error: unable to forward port because pod is not running. Current status=Pending

===== 2026-09-17 10:13:26 =====
error: unable to forward port because pod is not running. Current status=Pending

===== 2026-09-17 10:28:26 =====
error: unable to forward port because pod is not running. Current status=Pending

===== 2026-09-17 10:28:34 =====
error: unable to forward port because pod is not running. Current status=Pending

===== 2026-09-17 10:30:37 =====
error: unable to forward port because pod is not running. Current status=Pending

===== 2026-09-17 10:31:08 =====
error: unable to forward port because pod is not running. Current status=Pending

===== 2026-09-17 11:11:44 =====
Forwarding from 127.0.0.1:5555 -> 5555
Forwarding from [::1]:5555 -> 5555
Handling connection for 5555
Handling connection for 5555
Handling connection for 5555
Handling connection for 5555
Handling connection for 5555
Handling connection for 5555
Handling connection for 5555
Handling connection for 5555
Handling connection for 5555
Handling connection for 5555
Handling connection for 5555
Handling connection for 5555
Handling connection for 5555

===== 2026-09-17 11:16:59 =====
Unable to listen on port 5555: Listeners failed to create with the following errors: [unable to create listener: Error listen tcp4 127.0.0.1:5555: bind: address already in use unable to create listener: Error listen tcp6 [::1]:5555: bind: address already in use]
error: unable to listen on any of the requested ports: [{5555 5555}]
Handling connection for 5555
Handling connection for 5555

===== 2026-09-17 11:19:25 =====
Forwarding from 127.0.0.1:5555 -> 5555
Forwarding from [::1]:5555 -> 5555
Handling connection for 5555
Handling connection for 5555
Handling connection for 5555
Handling connection for 5555

===== 2026-09-17 11:22:49 =====
Forwarding from 127.0.0.1:5555 -> 5555
Forwarding from [::1]:5555 -> 5555
Handling connection for 5555

===== 2026-09-17 11:24:22 =====
Forwarding from 127.0.0.1:5555 -> 5555
Forwarding from [::1]:5555 -> 5555
