
===== 2026-09-17 08:14:50 =====
Forwarding from 127.0.0.1:15672 -> 15672
Forwarding from [::1]:15672 -> 15672
error: lost connection to pod

===== 2026-09-17 10:13:26 =====
Forwarding from 127.0.0.1:15672 -> 15672
Forwarding from [::1]:15672 -> 15672
Handling connection for 15672
Handling connection for 15672
Handling connection for 15672
Handling connection for 15672
Handling connection for 15672
Handling connection for 15672
Handling connection for 15672
Handling connection for 15672
Handling connection for 15672
Handling connection for 15672
Handling connection for 15672
Handling connection for 15672
Handling connection for 15672
Handling connection for 15672

===== 2026-09-17 10:28:26 =====
Unable to listen on port 15672: Listeners failed to create with the following errors: [unable to create listener: Error listen tcp4 127.0.0.1:15672: bind: address already in use unable to create listener: Error listen tcp6 [::1]:15672: bind: address already in use]
error: unable to listen on any of the requested ports: [{15672 15672}]

===== 2026-09-17 10:28:34 =====
Unable to listen on port 15672: Listeners failed to create with the following errors: [unable to create listener: Error listen tcp4 127.0.0.1:15672: bind: address already in use unable to create listener: Error listen tcp6 [::1]:15672: bind: address already in use]
error: unable to listen on any of the requested ports: [{15672 15672}]

===== 2026-09-17 10:30:37 =====
Unable to listen on port 15672: Listeners failed to create with the following errors: [unable to create listener: Error listen tcp4 127.0.0.1:15672: bind: address already in use unable to create listener: Error listen tcp6 [::1]:15672: bind: address already in use]
error: unable to listen on any of the requested ports: [{15672 15672}]

===== 2026-09-17 10:31:08 =====
Forwarding from 127.0.0.1:15672 -> 15672
Forwarding from [::1]:15672 -> 15672
Handling connection for 15672
Handling connection for 15672
Handling connection for 15672
